../Core/Src/main.c:86:5:main	8	static
../Core/Src/main.c:158:6:SystemClock_Config	72	static
../Core/Src/main.c:198:13:MX_TIM3_Init	32	static
../Core/Src/main.c:243:13:MX_USART1_UART_Init	8	static
../Core/Src/main.c:276:13:MX_GPIO_Init	40	static
../Core/Src/main.c:326:6:HAL_TIM_PeriodElapsedCallback	16	static
../Core/Src/main.c:364:6:ARM_INIT	4	static
../Core/Src/main.c:381:6:HAL_UART_RxCpltCallback	16	static
../Core/Src/main.c:388:8:IS_ACCEPT_RIGHT	48	static
../Core/Src/main.c:455:8:maxabs	56	dynamic
../Core/Src/main.c:477:8:myabs	16	static
../Core/Src/main.c:497:6:Error_Handler	4	static,ignoring_inline_asm
